[08:09:20] paper_tiers starting -- READ-ONLY, no Dhan calls. tiers: 10,000, 50,000, 100,000, 150,000, 200,000, 250,000, 300,000, 400,000
[08:09:25] 08:09:20 | waiting for the 09:15 open
[08:10:12] 08:10:10 | waiting for the 09:15 open
[08:10:59] 08:10:57 | waiting for the 09:15 open
[08:11:46] 08:11:44 | waiting for the 09:15 open
[08:12:33] 08:12:31 | waiting for the 09:15 open
[08:13:19] 08:13:18 | waiting for the 09:15 open
[08:14:06] 08:14:04 | waiting for the 09:15 open
[08:14:08] paper_tiers starting -- READ-ONLY, no Dhan calls. tiers: 10,000, 50,000, 100,000, 150,000, 200,000, 250,000, 300,000, 400,000
[08:14:10] 08:14:08 | waiting for the 09:15 open
[08:14:53] 08:14:51 | waiting for the 09:15 open
[08:14:56] 08:14:55 | waiting for the 09:15 open
[08:15:39] 08:15:38 | waiting for the 09:15 open
[08:15:43] 08:15:41 | waiting for the 09:15 open
[08:16:26] 08:16:24 | waiting for the 09:15 open
[08:16:30] 08:16:28 | waiting for the 09:15 open
[08:17:13] 08:17:11 | waiting for the 09:15 open
[08:17:17] 08:17:15 | waiting for the 09:15 open
[08:18:00] 08:17:58 | waiting for the 09:15 open
[08:18:04] 08:18:02 | waiting for the 09:15 open
[08:18:46] 08:18:45 | waiting for the 09:15 open
[08:18:51] 08:18:49 | waiting for the 09:15 open
[08:19:33] 08:19:31 | waiting for the 09:15 open
[08:19:37] 08:19:36 | waiting for the 09:15 open
[08:20:20] 08:20:18 | waiting for the 09:15 open
[08:20:24] 08:20:22 | waiting for the 09:15 open
[08:21:07] 08:21:05 | waiting for the 09:15 open
[08:21:11] 08:21:09 | waiting for the 09:15 open
[08:21:53] 08:21:52 | waiting for the 09:15 open
[08:21:57] 08:21:56 | waiting for the 09:15 open
[08:22:40] 08:22:38 | waiting for the 09:15 open
[08:22:44] 08:22:42 | waiting for the 09:15 open
[08:23:27] 08:23:25 | waiting for the 09:15 open
[08:23:31] 08:23:29 | waiting for the 09:15 open
[08:24:14] 08:24:12 | waiting for the 09:15 open
[08:24:18] 08:24:16 | waiting for the 09:15 open
[08:25:01] 08:24:59 | waiting for the 09:15 open
[08:25:05] 08:25:03 | waiting for the 09:15 open
[08:25:47] 08:25:46 | waiting for the 09:15 open
[08:25:51] 08:25:50 | waiting for the 09:15 open
[08:26:34] 08:26:32 | waiting for the 09:15 open
[08:26:38] 08:26:36 | waiting for the 09:15 open
[08:27:21] 08:27:19 | waiting for the 09:15 open
[08:27:25] 08:27:23 | waiting for the 09:15 open
[08:28:08] 08:28:06 | waiting for the 09:15 open
[08:28:12] 08:28:10 | waiting for the 09:15 open
[08:28:55] 08:28:53 | waiting for the 09:15 open
[08:28:59] 08:28:57 | waiting for the 09:15 open
[08:29:41] 08:29:40 | waiting for the 09:15 open
[08:29:45] 08:29:44 | waiting for the 09:15 open
[08:30:28] 08:30:26 | waiting for the 09:15 open
[08:30:32] 08:30:30 | waiting for the 09:15 open
[08:31:15] 08:31:13 | waiting for the 09:15 open
[08:31:19] 08:31:17 | waiting for the 09:15 open
[08:32:02] 08:32:00 | waiting for the 09:15 open
[08:32:06] 08:32:04 | waiting for the 09:15 open
[08:32:49] 08:32:47 | waiting for the 09:15 open
[08:32:53] 08:32:51 | waiting for the 09:15 open
[08:33:36] 08:33:34 | waiting for the 09:15 open
[08:33:39] 08:33:38 | waiting for the 09:15 open
[08:34:22] 08:34:21 | waiting for the 09:15 open
[08:34:26] 08:34:24 | waiting for the 09:15 open
[08:35:09] 08:35:07 | waiting for the 09:15 open
[08:35:13] 08:35:11 | waiting for the 09:15 open
[08:35:56] 08:35:54 | waiting for the 09:15 open
[08:36:00] 08:35:58 | waiting for the 09:15 open
[08:36:43] 08:36:41 | waiting for the 09:15 open
[08:36:47] 08:36:45 | waiting for the 09:15 open
[08:37:30] 08:37:28 | waiting for the 09:15 open
[08:37:34] 08:37:32 | waiting for the 09:15 open
[08:38:17] 08:38:15 | waiting for the 09:15 open
[08:38:21] 08:38:19 | waiting for the 09:15 open
[08:39:04] 08:39:02 | waiting for the 09:15 open
[08:39:08] 08:39:06 | waiting for the 09:15 open
[08:39:51] 08:39:49 | waiting for the 09:15 open
[08:39:55] 08:39:53 | waiting for the 09:15 open
[08:40:38] 08:40:36 | waiting for the 09:15 open
[08:40:42] 08:40:40 | waiting for the 09:15 open
[08:41:25] 08:41:23 | waiting for the 09:15 open
[08:41:29] 08:41:27 | waiting for the 09:15 open
[08:42:12] 08:42:10 | waiting for the 09:15 open
[08:42:16] 08:42:14 | waiting for the 09:15 open
[08:42:59] 08:42:57 | waiting for the 09:15 open
[08:43:03] 08:43:01 | waiting for the 09:15 open
[08:43:46] 08:43:44 | waiting for the 09:15 open
[08:43:50] 08:43:48 | waiting for the 09:15 open
[08:44:33] 08:44:31 | waiting for the 09:15 open
[08:44:37] 08:44:35 | waiting for the 09:15 open
[08:45:20] 08:45:18 | waiting for the 09:15 open
[08:45:24] 08:45:22 | waiting for the 09:15 open
[08:46:07] 08:46:05 | waiting for the 09:15 open
[08:46:11] 08:46:09 | waiting for the 09:15 open
[08:46:55] 08:46:52 | waiting for the 09:15 open
[08:46:58] 08:46:56 | waiting for the 09:15 open
[08:47:42] 08:47:40 | waiting for the 09:15 open
[08:47:45] 08:47:43 | waiting for the 09:15 open
[08:48:29] 08:48:27 | waiting for the 09:15 open
[08:48:32] 08:48:30 | waiting for the 09:15 open
[08:49:16] 08:49:14 | waiting for the 09:15 open
[08:49:19] 08:49:17 | waiting for the 09:15 open
[08:50:03] 08:50:01 | waiting for the 09:15 open
[08:50:07] 08:50:04 | waiting for the 09:15 open
[08:50:50] 08:50:48 | waiting for the 09:15 open
[08:50:54] 08:50:52 | waiting for the 09:15 open
[08:51:38] 08:51:35 | waiting for the 09:15 open
[08:51:41] 08:51:39 | waiting for the 09:15 open
[08:52:25] 08:52:23 | waiting for the 09:15 open
[08:52:28] 08:52:26 | waiting for the 09:15 open
[08:53:12] 08:53:10 | waiting for the 09:15 open
[08:53:15] 08:53:13 | waiting for the 09:15 open
[08:53:59] 08:53:57 | waiting for the 09:15 open
[08:54:02] 08:54:00 | waiting for the 09:15 open
[08:54:47] 08:54:44 | waiting for the 09:15 open
[08:54:50] 08:54:47 | waiting for the 09:15 open
[08:55:34] 08:55:32 | waiting for the 09:15 open
[08:55:37] 08:55:35 | waiting for the 09:15 open
[08:56:21] 08:56:19 | waiting for the 09:15 open
[08:56:24] 08:56:22 | waiting for the 09:15 open
[08:57:08] 08:57:06 | waiting for the 09:15 open
[08:57:11] 08:57:09 | waiting for the 09:15 open
[08:57:56] 08:57:53 | waiting for the 09:15 open
[08:57:59] 08:57:56 | waiting for the 09:15 open
[08:58:43] 08:58:41 | waiting for the 09:15 open
[08:58:46] 08:58:44 | waiting for the 09:15 open
[08:59:30] 08:59:28 | waiting for the 09:15 open
[08:59:33] 08:59:31 | waiting for the 09:15 open
[09:00:18] 09:00:15 | waiting for the 09:15 open
[09:00:20] 09:00:18 | waiting for the 09:15 open
[09:01:05] 09:01:03 | waiting for the 09:15 open
[09:01:08] 09:01:05 | waiting for the 09:15 open
[09:01:53] 09:01:50 | waiting for the 09:15 open
[09:01:55] 09:01:53 | waiting for the 09:15 open
[09:02:40] 09:02:38 | waiting for the 09:15 open
[09:02:43] 09:02:40 | waiting for the 09:15 open
[09:03:28] 09:03:25 | waiting for the 09:15 open
[09:03:30] 09:03:28 | waiting for the 09:15 open
[09:04:16] 09:04:13 | waiting for the 09:15 open
[09:04:18] 09:04:15 | waiting for the 09:15 open
[09:05:03] 09:05:01 | waiting for the 09:15 open
[09:05:05] 09:05:03 | waiting for the 09:15 open
[09:05:51] 09:05:48 | waiting for the 09:15 open
[09:05:53] 09:05:50 | waiting for the 09:15 open
[09:06:38] 09:06:36 | waiting for the 09:15 open
[09:06:40] 09:06:38 | waiting for the 09:15 open
[09:07:25] 09:07:23 | waiting for the 09:15 open
[09:07:27] 09:07:25 | waiting for the 09:15 open
[09:08:13] 09:08:10 | waiting for the 09:15 open
[09:08:15] 09:08:12 | waiting for the 09:15 open
[09:09:00] 09:08:58 | waiting for the 09:15 open
[09:09:02] 09:09:00 | waiting for the 09:15 open
[09:09:48] 09:09:45 | waiting for the 09:15 open
[09:09:49] 09:09:47 | waiting for the 09:15 open
[09:10:35] 09:10:33 | waiting for the 09:15 open
[09:10:37] 09:10:34 | waiting for the 09:15 open
[09:11:22] 09:11:20 | waiting for the 09:15 open
[09:11:24] 09:11:22 | waiting for the 09:15 open
[09:12:10] 09:12:07 | waiting for the 09:15 open
[09:12:11] 09:12:09 | waiting for the 09:15 open
[09:12:57] 09:12:55 | waiting for the 09:15 open
[09:12:59] 09:12:56 | waiting for the 09:15 open
[09:13:45] 09:13:42 | waiting for the 09:15 open
[09:13:47] 09:13:44 | waiting for the 09:15 open
[09:14:32] 09:14:30 | waiting for the 09:15 open
[09:14:34] 09:14:32 | waiting for the 09:15 open
[09:15:20] 09:15:17 | no tradeable names with bars yet
[09:15:21] 09:15:19 | no tradeable names with bars yet
[09:16:08] 09:16:05 | no tradeable names with bars yet
[09:16:09] 09:16:06 | no tradeable names with bars yet
[09:16:55] 09:16:53 | no tradeable names with bars yet
[09:16:57] 09:16:54 | no tradeable names with bars yet
[09:17:43] 09:17:40 | no tradeable names with bars yet
[09:17:44] 09:17:42 | no tradeable names with bars yet
[09:18:33] 09:18:28 | 12 names | 10k:235 50k:1,231 1.0L:2,527 1.5L:3,943 2.0L:6,183 2.5L:3,528 3.0L:3,528 4.0L:3,528
[09:18:35] 09:18:29 | 12 names | 10k:235 50k:1,231 1.0L:2,527 1.5L:3,943 2.0L:6,183 2.5L:3,528 3.0L:3,528 4.0L:3,528
[09:19:25] 09:19:18 | 30 names | 10k:69 50k:378 1.0L:810 1.5L:721 2.0L:-3,914 2.5L:-9,632 3.0L:-9,701 4.0L:-11,895
[09:19:27] 09:19:20 | 30 names | 10k:69 50k:378 1.0L:810 1.5L:721 2.0L:-3,914 2.5L:-9,632 3.0L:-9,701 4.0L:-11,895
[09:20:16] 09:20:10 | 31 names | 10k:-133 50k:-657 1.0L:-1,264 1.5L:-1,353 2.0L:-5,988 2.5L:-11,706 3.0L:-11,775 4.0L:-13,969
[09:20:18] 09:20:12 | 31 names | 10k:-133 50k:-657 1.0L:-1,264 1.5L:-1,353 2.0L:-5,988 2.5L:-11,706 3.0L:-11,775 4.0L:-13,969
[09:21:09] 09:21:01 | 38 names | 10k:434 50k:2,226 1.0L:4,498 1.5L:1,287 2.0L:-1,688 2.5L:-4,725 3.0L:-10,443 4.0L:-13,203
[09:21:10] 09:21:03 | 38 names | 10k:434 50k:2,226 1.0L:4,498 1.5L:1,287 2.0L:-1,688 2.5L:-4,725 3.0L:-10,443 4.0L:-13,203
[09:22:01] 09:21:54 | 41 names | 10k:434 50k:2,226 1.0L:4,498 1.5L:1,287 2.0L:-1,688 2.5L:-4,725 3.0L:-10,443 4.0L:-13,203
[09:22:03] 09:21:55 | 41 names | 10k:434 50k:2,226 1.0L:4,498 1.5L:1,287 2.0L:-1,688 2.5L:-4,725 3.0L:-10,443 4.0L:-13,203
[09:22:54] 09:22:46 | 53 names | 10k:317 50k:1,614 1.0L:3,265 1.5L:-1,447 2.0L:-3,903 2.5L:-6,754 3.0L:-12,472 4.0L:-15,232
[09:22:56] 09:22:48 | 53 names | 10k:317 50k:1,614 1.0L:3,265 1.5L:-1,447 2.0L:-3,903 2.5L:-6,754 3.0L:-12,472 4.0L:-15,232
[09:23:48] 09:23:39 | 54 names | 10k:317 50k:1,614 1.0L:3,265 1.5L:-1,447 2.0L:-3,903 2.5L:-6,754 3.0L:-12,472 4.0L:-15,232
[09:23:50] 09:23:41 | 54 names | 10k:317 50k:1,614 1.0L:3,265 1.5L:-1,447 2.0L:-3,903 2.5L:-6,754 3.0L:-12,472 4.0L:-15,232
[09:24:43] 09:24:33 | 63 names | 10k:1,335 50k:6,802 1.0L:13,663 1.5L:17,037 2.0L:16,866 2.5L:11,970 3.0L:9,135 4.0L:566
[09:24:45] 09:24:35 | 63 names | 10k:1,335 50k:6,802 1.0L:13,663 1.5L:17,037 2.0L:16,866 2.5L:11,970 3.0L:9,135 4.0L:566
[09:25:38] 09:25:28 | 66 names | 10k:725 50k:3,722 1.0L:7,475 1.5L:7,312 2.0L:16,055 2.5L:10,691 3.0L:7,856 4.0L:3,775
[09:25:40] 09:25:30 | 68 names | 10k:725 50k:3,722 1.0L:7,475 1.5L:7,312 2.0L:16,055 2.5L:10,691 3.0L:7,856 4.0L:3,775
[09:26:35] 09:26:23 | 70 names | 10k:629 50k:3,270 1.0L:6,604 1.5L:6,441 2.0L:15,184 2.5L:17,805 3.0L:22,262 4.0L:7,906
[09:26:37] 09:26:25 | 70 names | 10k:629 50k:3,270 1.0L:6,604 1.5L:6,441 2.0L:15,184 2.5L:17,805 3.0L:22,262 4.0L:7,906
[09:27:31] 09:27:20 | 73 names | 10k:896 50k:4,612 1.0L:9,279 1.5L:8,425 2.0L:17,983 2.5L:20,603 3.0L:25,061 4.0L:14,176
[09:27:33] 09:27:22 | 74 names | 10k:868 50k:4,470 1.0L:8,995 1.5L:8,141 2.0L:17,699 2.5L:20,320 3.0L:24,777 4.0L:13,893
[09:28:28] 09:28:16 | 75 names | 10k:846 50k:4,362 1.0L:8,784 1.5L:15,355 2.0L:24,913 2.5L:23,019 3.0L:15,851 4.0L:12,358
[09:28:30] 09:28:18 | 75 names | 10k:846 50k:4,362 1.0L:8,784 1.5L:15,355 2.0L:24,913 2.5L:21,440 3.0L:15,851 4.0L:12,358
[09:29:27] 09:29:13 | 78 names | 10k:1,363 50k:6,993 1.0L:14,090 1.5L:16,563 2.0L:24,941 2.5L:22,753 3.0L:16,867 4.0L:16,505
[09:29:28] 09:29:15 | 78 names | 10k:1,363 50k:6,993 1.0L:14,090 1.5L:16,563 2.0L:24,941 2.5L:22,753 3.0L:16,867 4.0L:16,505
[09:30:25] 09:30:12 | 80 names | 10k:1,350 50k:6,929 1.0L:13,964 1.5L:16,436 2.0L:24,814 2.5L:22,626 3.0L:17,423 4.0L:17,061
[09:30:26] 09:30:13 | 80 names | 10k:1,350 50k:6,929 1.0L:13,964 1.5L:16,436 2.0L:24,814 2.5L:22,626 3.0L:17,423 4.0L:17,061
[09:31:24] 09:31:10 | 82 names | 10k:2,013 50k:10,225 1.0L:20,528 1.5L:20,743 2.0L:27,165 2.5L:25,305 3.0L:19,439 4.0L:16,328
[09:31:24] 09:31:11 | 82 names | 10k:2,013 50k:10,225 1.0L:20,528 1.5L:20,743 2.0L:27,165 2.5L:25,305 3.0L:19,439 4.0L:16,328
[09:32:22] 09:32:09 | 83 names | 10k:1,712 50k:7,896 1.0L:17,599 1.5L:20,212 2.0L:26,634 2.5L:26,805 3.0L:20,939 4.0L:22,984
[09:32:22] 09:32:09 | 83 names | 10k:1,712 50k:8,753 1.0L:17,599 1.5L:20,212 2.0L:26,634 2.5L:26,805 3.0L:20,939 4.0L:22,984
[09:33:22] 09:33:07 | 85 names | 10k:1,901 50k:9,662 1.0L:19,374 1.5L:24,161 2.0L:32,789 2.5L:33,146 3.0L:30,688 4.0L:23,739
[09:33:22] 09:33:07 | 85 names | 10k:1,901 50k:9,662 1.0L:19,374 1.5L:24,161 2.0L:32,789 2.5L:33,146 3.0L:26,290 4.0L:23,739
[09:34:20] 09:34:07 | 87 names | 10k:1,901 50k:9,662 1.0L:19,374 1.5L:27,877 2.0L:36,505 2.5L:36,862 3.0L:30,006 4.0L:27,010
[09:34:20] 09:34:07 | 87 names | 10k:1,901 50k:9,662 1.0L:19,374 1.5L:27,877 2.0L:36,505 2.5L:36,862 3.0L:30,006 4.0L:27,010
[09:35:27] 09:35:05 | 90 names | 10k:1,062 50k:3,889 1.0L:7,930 1.5L:15,837 2.0L:21,113 2.5L:31,249 3.0L:36,929 4.0L:55,105
[09:35:27] 09:35:05 | 90 names | 10k:727 50k:3,889 1.0L:7,930 1.5L:15,837 2.0L:21,113 2.5L:31,249 3.0L:36,929 4.0L:55,105
[09:36:30] 09:36:12 | 90 names | 10k:1,416 50k:7,209 1.0L:14,326 1.5L:19,995 2.0L:28,424 2.5L:32,640 3.0L:42,819 4.0L:63,645
[09:36:31] 09:36:12 | 90 names | 10k:1,416 50k:7,209 1.0L:14,326 1.5L:19,995 2.0L:28,424 2.5L:35,535 3.0L:42,819 4.0L:63,645
[09:37:34] 09:37:15 | 90 names | 10k:1,420 50k:7,217 1.0L:14,409 1.5L:24,719 2.0L:29,430 2.5L:38,186 3.0L:45,633 4.0L:61,108
[09:37:34] 09:37:16 | 90 names | 10k:1,420 50k:7,217 1.0L:14,409 1.5L:24,719 2.0L:29,430 2.5L:38,186 3.0L:45,633 4.0L:61,675
[09:38:40] 09:38:19 | 90 names | 10k:1,860 50k:9,012 1.0L:18,030 1.5L:30,650 2.0L:42,000 2.5L:41,906 3.0L:52,804 4.0L:64,693
[09:38:40] 09:38:19 | 90 names | 10k:1,778 50k:9,012 1.0L:18,030 1.5L:30,650 2.0L:35,398 2.5L:41,906 3.0L:52,804 4.0L:64,693
[09:39:44] 09:39:25 | 92 names | 10k:1,572 50k:8,051 1.0L:16,166 1.5L:26,111 2.0L:33,823 2.5L:44,299 3.0L:55,410 4.0L:67,947
[09:39:44] 09:39:25 | 92 names | 10k:1,572 50k:8,051 1.0L:16,166 1.5L:26,111 2.0L:33,823 2.5L:44,299 3.0L:55,410 4.0L:67,947
[09:40:53] 09:40:29 | 98 names | 10k:2,022 50k:8,060 1.0L:16,171 1.5L:31,681 2.0L:43,638 2.5L:48,479 3.0L:60,092 4.0L:62,585
[09:40:53] 09:40:29 | 98 names | 10k:1,570 50k:8,060 1.0L:16,171 1.5L:31,681 2.0L:43,638 2.5L:48,479 3.0L:60,092 4.0L:62,585
[09:42:01] 09:41:38 | 99 names | 10k:1,659 50k:8,169 1.0L:16,414 1.5L:31,790 2.0L:42,743 2.5L:45,405 3.0L:58,840 4.0L:60,194
[09:42:01] 09:41:38 | 99 names | 10k:1,597 50k:8,169 1.0L:16,414 1.5L:31,790 2.0L:42,743 2.5L:48,300 3.0L:58,840 4.0L:60,194
[09:43:08] 09:42:46 | 100 names | 10k:1,420 50k:7,294 1.0L:14,655 1.5L:29,726 2.0L:40,679 2.5L:47,042 3.0L:64,639 4.0L:65,198
[09:43:08] 09:42:46 | 100 names | 10k:1,420 50k:7,294 1.0L:14,655 1.5L:29,726 2.0L:40,679 2.5L:46,165 3.0L:64,639 4.0L:68,586
[09:44:25] 09:43:53 | 102 names | 10k:2,000 50k:6,376 1.0L:12,859 1.5L:29,191 2.0L:40,757 2.5L:47,355 3.0L:67,733 4.0L:67,980
[09:44:25] 09:43:53 | 102 names | 10k:1,231 50k:6,376 1.0L:12,859 1.5L:29,191 2.0L:41,984 2.5L:47,355 3.0L:67,733 4.0L:67,980
[09:45:41] 09:45:10 | 103 names | 10k:1,495 50k:6,278 1.0L:12,583 1.5L:25,989 2.0L:45,427 2.5L:51,337 3.0L:71,622 4.0L:74,837
[09:45:41] 09:45:10 | 103 names | 10k:1,242 50k:6,278 1.0L:12,583 1.5L:25,989 2.0L:45,427 2.5L:51,337 3.0L:71,622 4.0L:74,837
[09:46:32] tier 10000 failed: PermissionError [WinError 32] The process cannot access the file because it is being used by another process: 'C:\\Project_Scalp\\logs\\paper_tier_10000_20260930.json.tmp' -> 'C:\\Project_Scalp\\logs\\paper_tier_10000_20260930.json'
[09:46:54] 09:46:26 | 105 names | 10k:1,467 50k:7,870 1.0L:15,883 1.5L:34,741 2.0L:41,856 2.5L:49,517 3.0L:67,310 4.0L:67,758
[09:46:54] 09:46:26 | 105 names | 10k:1,543 50k:7,870 1.0L:15,883 1.5L:27,024 2.0L:41,856 2.5L:49,517 3.0L:67,310 4.0L:70,562
[09:48:09] 09:47:39 | 108 names | 10k:1,512 50k:7,714 1.0L:15,569 1.5L:24,665 2.0L:39,544 2.5L:48,889 3.0L:71,436 4.0L:74,713
[09:48:09] 09:47:39 | 108 names | 10k:1,512 50k:7,714 1.0L:15,569 1.5L:24,665 2.0L:39,544 2.5L:48,889 3.0L:71,436 4.0L:74,713
[09:49:32] 09:48:54 | 112 names | 10k:1,472 50k:7,513 1.0L:15,164 1.5L:24,975 2.0L:38,905 2.5L:49,421 3.0L:70,763 4.0L:76,779
[09:49:32] 09:48:54 | 112 names | 10k:1,472 50k:7,513 1.0L:15,164 1.5L:24,975 2.0L:38,905 2.5L:49,421 3.0L:70,763 4.0L:76,779
[09:50:54] 09:50:17 | 116 names | 10k:1,741 50k:8,891 1.0L:17,891 1.5L:26,766 2.0L:43,426 2.5L:54,156 3.0L:74,236 4.0L:78,372
[09:50:54] 09:50:17 | 116 names | 10k:2,208 50k:8,891 1.0L:17,891 1.5L:26,766 2.0L:43,426 2.5L:54,156 3.0L:74,236 4.0L:78,372
[09:52:13] 09:51:39 | 117 names | 10k:1,554 50k:8,094 1.0L:15,193 1.5L:24,920 2.0L:42,940 2.5L:53,236 3.0L:72,232 4.0L:78,872
[09:52:13] 09:51:39 | 117 names | 10k:1,464 50k:7,506 1.0L:15,193 1.5L:24,920 2.0L:42,940 2.5L:53,236 3.0L:76,834 4.0L:78,872
[09:53:29] 09:52:58 | 117 names | 10k:1,835 50k:8,806 1.0L:18,806 1.5L:31,996 2.0L:50,017 2.5L:60,898 3.0L:82,028 4.0L:83,901
[09:53:29] 09:52:58 | 117 names | 10k:1,835 50k:9,332 1.0L:18,806 1.5L:31,996 2.0L:50,017 2.5L:60,898 3.0L:82,028 4.0L:83,901
[09:54:49] 09:54:14 | 120 names | 10k:1,683 50k:8,627 1.0L:17,479 1.5L:28,895 2.0L:43,807 2.5L:55,736 3.0L:73,120 4.0L:77,302
[09:54:49] 09:54:14 | 120 names | 10k:2,224 50k:8,627 1.0L:17,479 1.5L:28,895 2.0L:43,807 2.5L:54,492 3.0L:74,079 4.0L:77,302
[09:56:12] 09:55:34 | 121 names | 10k:1,389 50k:11,293 1.0L:22,807 1.5L:35,130 2.0L:49,440 2.5L:59,736 3.0L:77,418 4.0L:78,691
[09:56:12] 09:55:34 | 121 names | 10k:2,020 50k:10,361 1.0L:20,913 1.5L:34,778 2.0L:49,440 2.5L:59,736 3.0L:77,170 4.0L:79,067
[09:57:24] 09:56:57 | 121 names | 10k:1,849 50k:9,856 1.0L:21,862 1.5L:49,896 2.0L:60,517 2.5L:76,425 3.0L:92,452 4.0L:96,200
[09:57:24] 09:56:57 | 121 names | 10k:1,903 50k:9,856 1.0L:19,998 1.5L:42,449 2.0L:63,745 2.5L:76,729 3.0L:94,023 4.0L:96,200
[09:58:36] 09:58:09 | 121 names | 10k:1,880 50k:9,658 1.0L:19,554 1.5L:42,837 2.0L:64,133 2.5L:75,766 3.0L:96,330 4.0L:94,705
[09:58:36] 09:58:09 | 121 names | 10k:1,880 50k:9,658 1.0L:19,554 1.5L:42,837 2.0L:64,133 2.5L:75,766 3.0L:95,644 4.0L:94,705
[09:59:50] 09:59:21 | 123 names | 10k:2,654 50k:13,603 1.0L:32,941 1.5L:55,808 2.0L:71,309 2.5L:81,820 3.0L:98,906 4.0L:103,592
[09:59:50] 09:59:21 | 123 names | 10k:2,654 50k:13,603 1.0L:27,503 1.5L:51,148 2.0L:71,309 2.5L:81,820 3.0L:98,906 4.0L:103,592
[10:01:05] 10:00:35 | 124 names | 10k:3,027 50k:16,346 1.0L:32,860 1.5L:47,808 2.0L:66,577 2.5L:78,338 3.0L:98,920 4.0L:103,247
[10:01:05] 10:00:35 | 124 names | 10k:3,209 50k:16,346 1.0L:32,860 1.5L:47,808 2.0L:66,577 2.5L:78,338 3.0L:95,114 4.0L:103,247
[10:02:18] 10:01:50 | 124 names | 10k:3,110 50k:16,694 1.0L:33,341 1.5L:48,153 2.0L:66,862 2.5L:79,285 3.0L:96,061 4.0L:103,132
[10:02:19] 10:01:50 | 124 names | 10k:3,307 50k:16,694 1.0L:33,341 1.5L:48,153 2.0L:66,862 2.5L:79,285 3.0L:96,061 4.0L:103,132
[10:03:37] 10:03:03 | 124 names | 10k:3,149 50k:16,069 1.0L:32,319 1.5L:47,572 2.0L:69,415 2.5L:77,960 3.0L:93,768 4.0L:99,535
[10:03:37] 10:03:04 | 124 names | 10k:3,149 50k:16,069 1.0L:32,319 1.5L:47,572 2.0L:65,538 2.5L:77,960 3.0L:93,768 4.0L:100,865
[10:05:07] 10:04:22 | 126 names | 10k:3,074 50k:17,236 1.0L:34,552 1.5L:50,108 2.0L:70,468 2.5L:79,055 3.0L:87,271 4.0L:104,048
[10:05:07] 10:04:22 | 126 names | 10k:3,394 50k:17,236 1.0L:34,552 1.5L:50,108 2.0L:70,468 2.5L:79,055 3.0L:97,539 4.0L:104,048
[10:06:37] 10:05:52 | 127 names | 10k:2,878 50k:16,025 1.0L:32,252 1.5L:47,808 2.0L:63,593 2.5L:75,349 3.0L:95,300 4.0L:83,482
[10:06:37] 10:05:52 | 127 names | 10k:3,253 50k:16,025 1.0L:32,252 1.5L:47,808 2.0L:67,654 2.5L:77,074 3.0L:95,300 4.0L:99,834
[10:08:00] 10:07:22 | 130 names | 10k:3,263 50k:16,673 1.0L:33,565 1.5L:50,629 2.0L:66,592 2.5L:75,626 3.0L:93,658 4.0L:98,626
[10:08:00] 10:07:22 | 130 names | 10k:3,263 50k:16,673 1.0L:33,565 1.5L:50,629 2.0L:66,592 2.5L:75,626 3.0L:93,658 4.0L:98,626
[10:09:23] 10:08:45 | 132 names | 10k:3,163 50k:16,347 1.0L:32,943 1.5L:46,339 2.0L:66,431 2.5L:76,474 3.0L:92,914 4.0L:96,736
[10:09:23] 10:08:45 | 132 names | 10k:3,192 50k:16,347 1.0L:32,943 1.5L:50,105 2.0L:66,431 2.5L:76,474 3.0L:92,914 4.0L:97,213
[10:10:43] 10:10:08 | 132 names | 10k:3,829 50k:17,262 1.0L:34,807 1.5L:52,659 2.0L:68,492 2.5L:73,325 3.0L:90,409 4.0L:95,094
[10:10:43] 10:10:08 | 132 names | 10k:3,367 50k:17,262 1.0L:37,412 1.5L:52,659 2.0L:68,492 2.5L:88,298 3.0L:91,756 4.0L:95,094
[10:11:58] 10:11:28 | 133 names | 10k:3,396 50k:18,137 1.0L:36,480 1.5L:56,010 2.0L:72,329 2.5L:79,598 3.0L:96,693 4.0L:102,936
[10:11:58] 10:11:28 | 133 names | 10k:3,413 50k:18,137 1.0L:36,480 1.5L:56,010 2.0L:72,329 2.5L:79,598 3.0L:96,693 4.0L:102,936
[10:13:12] 10:12:43 | 133 names | 10k:3,391 50k:17,430 1.0L:35,197 1.5L:54,885 2.0L:73,042 2.5L:79,691 3.0L:97,137 4.0L:104,023
[10:13:12] 10:12:43 | 133 names | 10k:3,391 50k:17,430 1.0L:35,197 1.5L:54,885 2.0L:68,827 2.5L:78,804 3.0L:97,137 4.0L:104,023
[10:14:30] 10:13:57 | 133 names | 10k:4,424 50k:18,712 1.0L:35,732 1.5L:55,466 2.0L:70,116 2.5L:79,168 3.0L:93,606 4.0L:98,082
[10:14:30] 10:13:57 | 133 names | 10k:3,446 50k:17,694 1.0L:35,732 1.5L:55,466 2.0L:70,116 2.5L:79,168 3.0L:93,606 4.0L:98,082
[10:16:03] 10:15:15 | 133 names | 10k:3,506 50k:19,102 1.0L:38,571 1.5L:54,304 2.0L:71,554 2.5L:82,167 3.0L:99,076 4.0L:103,933
[10:16:03] 10:15:15 | 133 names | 10k:3,115 50k:19,102 1.0L:38,571 1.5L:54,304 2.0L:71,554 2.5L:82,167 3.0L:99,631 4.0L:103,933
[10:17:23] 10:16:48 | 134 names | 10k:3,438 50k:17,662 1.0L:35,689 1.5L:55,202 2.0L:74,286 2.5L:85,368 3.0L:103,402 4.0L:109,337
[10:17:23] 10:16:48 | 134 names | 10k:3,214 50k:17,662 1.0L:35,689 1.5L:55,202 2.0L:74,286 2.5L:85,368 3.0L:102,767 4.0L:109,337
[10:18:22] paper_tiers starting -- READ-ONLY, no Dhan calls. tiers: 10,000, 50,000, 100,000, 150,000, 200,000, 250,000, 300,000, 400,000
[10:19:03] 10:18:22 | 134 names | 10k:-1 50k:97 1.0L:298 1.5L:2,683 2.0L:2,925 2.5L:3,797 3.0L:1,797 4.0L:9,833
[10:43:02] paper_tiers starting -- READ-ONLY, no Dhan calls. tiers: 10,000, 50,000, 100,000, 150,000, 200,000, 250,000, 300,000, 400,000
[10:43:29] 10:43:02 | 145 names | 10k:-80 50k:-175 1.0L:-338 1.5L:4,384 2.0L:4,924 2.5L:2,818 3.0L:-1,508 4.0L:-7,078
[10:44:42] 10:44:14 | 147 names | 10k:8 50k:246 1.0L:445 1.5L:4,707 2.0L:5,275 2.5L:3,133 3.0L:-932 4.0L:-5,369
[10:45:57] 10:45:27 | 148 names | 10k:-5 50k:193 1.0L:427 1.5L:6,687 2.0L:6,975 2.5L:4,671 3.0L:-200 4.0L:-4,249
[10:47:19] 10:46:42 | 148 names | 10k:-257 50k:-994 1.0L:-1,852 1.5L:4,652 2.0L:4,900 2.5L:2,918 3.0L:-1,953 4.0L:-7,277
[10:48:34] 10:48:04 | 148 names | 10k:58 50k:547 1.0L:1,172 1.5L:8,529 2.0L:6,777 2.5L:4,629 3.0L:-155 4.0L:-5,480
[10:49:19] source changed on disk -- exiting so the new code can take over (the board's watchdog restarts this worker)
[11:35:16] paper_tiers starting -- READ-ONLY, no Dhan calls. tiers: 10,000, 50,000, 100,000, 150,000, 200,000, 250,000, 300,000, 400,000
[11:36:12] 11:35:16 | 159 names | 10k:1,753 50k:9,269 1.0L:18,814 1.5L:28,141 2.0L:28,980 2.5L:41,465 3.0L:25,841 4.0L:-4,327
[11:37:39] 11:36:57 | 159 names | 10k:3,034 50k:15,653 1.0L:31,555 1.5L:40,648 2.0L:41,265 2.5L:48,349 3.0L:33,065 4.0L:2,897
[11:39:07] 11:38:24 | 161 names | 10k:3,286 50k:16,947 1.0L:34,155 1.5L:42,845 2.0L:44,071 2.5L:50,324 3.0L:34,487 4.0L:4,319
[11:40:36] 11:39:52 | 161 names | 10k:3,117 50k:16,112 1.0L:32,523 1.5L:43,878 2.0L:45,776 2.5L:50,849 3.0L:34,483 4.0L:3,198
[11:42:04] 11:41:21 | 161 names | 10k:1,868 50k:9,915 1.0L:20,131 1.5L:43,105 2.0L:47,536 2.5L:55,256 3.0L:39,372 4.0L:11,911
[11:43:33] 11:42:49 | 164 names | 10k:3,409 50k:17,632 1.0L:35,540 1.5L:44,441 2.0L:48,872 2.5L:56,592 3.0L:40,708 4.0L:17,008
[11:45:02] 11:44:18 | 164 names | 10k:3,818 50k:19,668 1.0L:39,561 1.5L:47,493 2.0L:52,251 2.5L:59,928 3.0L:44,326 4.0L:16,770
[11:46:36] 11:45:47 | 164 names | 10k:4,061 50k:20,887 1.0L:41,994 1.5L:48,090 2.0L:52,847 2.5L:60,567 3.0L:45,117 4.0L:17,325
[11:48:07] 11:47:21 | 165 names | 10k:3,926 50k:20,253 1.0L:40,803 1.5L:52,281 2.0L:55,436 2.5L:70,296 3.0L:55,627 4.0L:25,201
[11:49:36] 11:48:52 | 166 names | 10k:4,357 50k:22,371 1.0L:45,042 1.5L:63,603 2.0L:66,731 2.5L:75,795 3.0L:59,961 4.0L:31,337
[11:51:07] 11:50:21 | 166 names | 10k:4,446 50k:22,863 1.0L:46,028 1.5L:66,070 2.0L:72,097 2.5L:80,945 3.0L:67,179 4.0L:36,914
[11:52:37] 11:51:52 | 166 names | 10k:5,531 50k:28,306 1.0L:56,857 1.5L:69,850 2.0L:73,634 2.5L:84,695 3.0L:68,623 4.0L:38,986
[11:54:09] 11:53:22 | 167 names | 10k:6,557 50k:33,449 1.0L:67,142 1.5L:81,941 2.0L:85,313 2.5L:94,759 3.0L:83,286 4.0L:51,306
[11:55:42] 11:54:54 | 167 names | 10k:5,265 50k:26,974 1.0L:54,254 1.5L:80,183 2.0L:83,069 2.5L:91,890 3.0L:81,613 4.0L:53,867
[11:57:16] 11:56:27 | 168 names | 10k:5,174 50k:26,475 1.0L:53,209 1.5L:77,976 2.0L:85,184 2.5L:99,030 3.0L:86,284 4.0L:51,050
[11:58:47] 11:58:01 | 168 names | 10k:5,362 50k:27,495 1.0L:55,324 1.5L:80,012 2.0L:89,914 2.5L:100,542 3.0L:87,247 4.0L:55,235
[12:00:22] 11:59:32 | 168 names | 10k:5,259 50k:26,985 1.0L:54,305 1.5L:74,449 2.0L:87,734 2.5L:97,231 3.0L:83,630 4.0L:51,618
[12:01:56] 12:01:07 | 171 names | 10k:5,062 50k:25,988 1.0L:52,320 1.5L:76,991 2.0L:85,824 2.5L:97,612 3.0L:83,361 4.0L:59,678
[12:03:30] 12:02:41 | 172 names | 10k:5,238 50k:26,918 1.0L:54,217 1.5L:78,888 2.0L:84,574 2.5L:96,147 3.0L:81,469 4.0L:60,531
[12:05:03] 12:04:15 | 172 names | 10k:5,313 50k:27,327 1.0L:55,073 1.5L:79,402 2.0L:84,701 2.5L:96,274 3.0L:81,596 4.0L:60,900
[12:06:45] 12:05:48 | 172 names | 10k:5,443 50k:27,876 1.0L:56,173 1.5L:80,849 2.0L:86,239 2.5L:97,660 3.0L:83,023 4.0L:62,701
[12:08:20] 12:07:30 | 172 names | 10k:5,755 50k:29,547 1.0L:59,489 1.5L:85,818 2.0L:97,453 2.5L:108,182 3.0L:95,840 4.0L:77,010
[12:09:58] 12:09:05 | 173 names | 10k:5,755 50k:29,547 1.0L:59,489 1.5L:85,480 2.0L:96,997 2.5L:107,725 3.0L:95,384 4.0L:74,136
[12:11:33] 12:10:43 | 174 names | 10k:5,764 50k:29,541 1.0L:59,353 1.5L:85,295 2.0L:96,637 2.5L:107,365 3.0L:95,024 4.0L:76,375
[12:13:11] 12:12:18 | 175 names | 10k:5,739 50k:29,399 1.0L:59,036 1.5L:83,804 2.0L:95,146 2.5L:105,874 3.0L:93,533 4.0L:74,884
[12:14:50] 12:13:56 | 176 names | 10k:5,610 50k:28,849 1.0L:58,144 1.5L:87,102 2.0L:98,144 2.5L:107,446 3.0L:92,796 4.0L:70,190
[12:16:38] 12:15:35 | 177 names | 10k:5,606 50k:28,816 1.0L:58,040 1.5L:86,998 2.0L:97,745 2.5L:109,092 3.0L:95,093 4.0L:70,502
[12:18:15] 12:17:23 | 177 names | 10k:5,608 50k:28,880 1.0L:58,244 1.5L:83,988 2.0L:94,403 2.5L:105,750 3.0L:91,752 4.0L:67,523
[12:19:51] 12:19:00 | 177 names | 10k:5,666 50k:29,067 1.0L:58,351 1.5L:87,143 2.0L:97,713 2.5L:109,060 3.0L:95,061 4.0L:69,073
[12:21:30] 12:20:36 | 179 names | 10k:6,272 50k:32,212 1.0L:64,911 1.5L:97,904 2.0L:109,367 2.5L:120,382 3.0L:100,192 4.0L:75,208
[12:23:07] 12:22:15 | 179 names | 10k:6,341 50k:32,593 1.0L:65,659 1.5L:99,102 2.0L:111,037 2.5L:122,865 3.0L:101,808 4.0L:78,301
[12:24:45] 12:23:52 | 179 names | 10k:6,416 50k:32,906 1.0L:66,121 1.5L:99,445 2.0L:111,380 2.5L:123,341 3.0L:101,608 4.0L:78,020
[12:26:34] 12:25:30 | 180 names | 10k:6,206 50k:32,006 1.0L:64,609 1.5L:99,521 2.0L:109,954 2.5L:121,924 3.0L:99,902 4.0L:78,595
[12:28:13] 12:27:19 | 180 names | 10k:6,577 50k:33,992 1.0L:68,674 1.5L:104,797 2.0L:117,011 2.5L:130,672 3.0L:107,799 4.0L:81,289
[12:29:52] 12:28:58 | 181 names | 10k:6,417 50k:33,065 1.0L:66,689 1.5L:96,844 2.0L:108,035 2.5L:123,606 3.0L:107,883 4.0L:81,600
[12:31:30] 12:30:37 | 182 names | 10k:6,782 50k:34,864 1.0L:70,132 1.5L:101,664 2.0L:112,888 2.5L:127,641 3.0L:114,076 4.0L:85,643
[12:33:11] 12:32:15 | 183 names | 10k:6,776 50k:34,734 1.0L:69,847 1.5L:101,379 2.0L:112,603 2.5L:127,515 3.0L:113,652 4.0L:85,602
[12:34:50] 12:33:56 | 183 names | 10k:7,164 50k:36,845 1.0L:74,203 1.5L:109,888 2.0L:122,490 2.5L:137,655 3.0L:122,525 4.0L:96,148
[12:36:44] 12:35:35 | 184 names | 10k:6,768 50k:34,782 1.0L:70,109 1.5L:103,000 2.0L:116,796 2.5L:137,464 3.0L:119,712 4.0L:93,399
[12:38:26] 12:37:29 | 185 names | 10k:6,823 50k:32,492 1.0L:70,637 1.5L:103,528 2.0L:117,230 2.5L:132,775 3.0L:114,249 4.0L:98,856
[12:40:06] 12:39:11 | 185 names | 10k:6,624 50k:34,085 1.0L:68,573 1.5L:103,088 2.0L:115,872 2.5L:130,782 3.0L:112,818 4.0L:100,618
[12:41:49] 12:40:51 | 187 names | 10k:7,372 50k:37,922 1.0L:76,384 1.5L:110,404 2.0L:124,457 2.5L:148,044 3.0L:129,927 4.0L:114,443
[12:43:31] 12:42:34 | 187 names | 10k:7,029 50k:36,099 1.0L:72,633 1.5L:110,369 2.0L:123,950 2.5L:137,813 3.0L:122,633 4.0L:99,343
[12:45:14] 12:44:16 | 188 names | 10k:7,029 50k:36,099 1.0L:72,633 1.5L:110,681 2.0L:124,897 2.5L:136,200 3.0L:121,044 4.0L:101,125
[12:47:09] 12:45:59 | 188 names | 10k:7,013 50k:36,017 1.0L:72,468 1.5L:111,652 2.0L:126,136 2.5L:137,438 3.0L:122,283 4.0L:102,658
[12:48:51] 12:47:54 | 188 names | 10k:6,975 50k:35,910 1.0L:72,341 1.5L:111,192 2.0L:126,545 2.5L:137,847 3.0L:122,692 4.0L:102,725
[12:50:38] 12:49:36 | 188 names | 10k:7,791 50k:40,048 1.0L:80,593 1.5L:117,553 2.0L:131,368 2.5L:153,019 3.0L:140,745 4.0L:111,018
[12:52:21] 12:51:23 | 189 names | 10k:7,690 50k:39,543 1.0L:79,586 1.5L:116,546 2.0L:131,236 2.5L:152,887 3.0L:140,614 4.0L:109,213
[12:54:05] 12:53:06 | 189 names | 10k:7,813 50k:40,233 1.0L:80,994 1.5L:118,544 2.0L:130,780 2.5L:152,432 3.0L:140,158 4.0L:108,057
[12:55:54] 12:54:50 | 190 names | 10k:7,797 50k:40,195 1.0L:80,971 1.5L:119,452 2.0L:131,830 2.5L:153,481 3.0L:141,208 4.0L:109,106
[12:57:47] 12:56:39 | 191 names | 10k:7,924 50k:40,819 1.0L:82,164 1.5L:118,629 2.0L:142,288 2.5L:161,625 3.0L:149,375 4.0L:122,565
[12:59:32] 12:58:32 | 191 names | 10k:7,924 50k:40,819 1.0L:82,164 1.5L:118,881 2.0L:144,260 2.5L:163,596 3.0L:151,346 4.0L:123,208
[13:01:18] 13:00:17 | 191 names | 10k:7,806 50k:40,288 1.0L:81,195 1.5L:117,737 2.0L:129,678 2.5L:153,943 3.0L:141,685 4.0L:121,106
[13:03:07] 13:02:03 | 192 names | 10k:7,931 50k:41,045 1.0L:82,707 1.5L:117,886 2.0L:129,152 2.5L:153,416 3.0L:141,151 4.0L:120,571
[13:04:53] 13:03:52 | 192 names | 10k:8,731 50k:44,878 1.0L:90,173 1.5L:128,529 2.0L:143,213 2.5L:163,137 3.0L:149,610 4.0L:122,281
[13:06:56] 13:05:38 | 192 names | 10k:8,744 50k:44,859 1.0L:90,215 1.5L:127,536 2.0L:142,221 2.5L:160,058 3.0L:146,531 4.0L:119,203
[13:08:43] 13:07:41 | 192 names | 10k:8,742 50k:44,853 1.0L:90,138 1.5L:125,493 2.0L:140,178 2.5L:158,015 3.0L:144,488 4.0L:117,160
[13:10:34] 13:09:28 | 192 names | 10k:9,005 50k:46,526 1.0L:93,599 1.5L:132,230 2.0L:146,642 2.5L:167,799 3.0L:153,601 4.0L:121,979
[13:12:24] 13:11:19 | 192 names | 10k:8,962 50k:46,136 1.0L:92,848 1.5L:131,779 2.0L:144,861 2.5L:166,707 3.0L:153,383 4.0L:124,069
[13:14:12] 13:13:09 | 192 names | 10k:9,010 50k:46,305 1.0L:93,139 1.5L:132,444 2.0L:145,610 2.5L:166,946 3.0L:154,129 4.0L:124,815
[13:16:07] 13:14:57 | 192 names | 10k:8,973 50k:46,124 1.0L:92,748 1.5L:131,248 2.0L:144,012 2.5L:165,412 3.0L:152,595 4.0L:123,281
[13:18:05] 13:16:52 | 192 names | 10k:9,219 50k:47,433 1.0L:95,479 1.5L:133,852 2.0L:150,878 2.5L:170,281 3.0L:156,087 4.0L:125,681
[13:19:53] 13:18:50 | 193 names | 10k:9,254 50k:47,636 1.0L:95,884 1.5L:135,032 2.0L:147,754 2.5L:166,563 3.0L:154,422 4.0L:124,619
[13:21:44] 13:20:38 | 193 names | 10k:9,326 50k:48,044 1.0L:96,740 1.5L:137,901 2.0L:151,321 2.5L:170,101 3.0L:158,159 4.0L:128,356
[13:23:32] 13:22:29 | 193 names | 10k:9,268 50k:47,727 1.0L:96,082 1.5L:135,103 2.0L:150,170 2.5L:168,818 3.0L:157,083 4.0L:127,280
[13:25:26] 13:24:17 | 193 names | 10k:9,299 50k:47,892 1.0L:96,423 1.5L:136,529 2.0L:149,457 2.5L:171,594 3.0L:157,923 4.0L:132,467
[13:27:30] 13:26:11 | 193 names | 10k:9,309 50k:47,907 1.0L:96,476 1.5L:136,582 2.0L:152,762 2.5L:171,620 3.0L:157,949 4.0L:132,966
[13:29:21] 13:28:15 | 194 names | 10k:9,338 50k:48,034 1.0L:96,604 1.5L:138,006 2.0L:153,887 2.5L:173,628 3.0L:159,957 4.0L:135,254
[13:31:18] 13:30:06 | 194 names | 10k:9,425 50k:48,573 1.0L:97,824 1.5L:138,045 2.0L:153,494 2.5L:182,423 3.0L:168,937 4.0L:137,374
[13:33:10] 13:32:03 | 194 names | 10k:9,593 50k:49,442 1.0L:99,606 1.5L:140,724 2.0L:156,157 2.5L:182,240 3.0L:170,915 4.0L:144,501
[13:35:12] 13:33:55 | 194 names | 10k:9,413 50k:48,568 1.0L:97,925 1.5L:139,508 2.0L:155,086 2.5L:181,169 3.0L:169,844 4.0L:143,432
[13:37:19] 13:35:57 | 195 names | 10k:9,532 50k:49,199 1.0L:99,183 1.5L:141,649 2.0L:157,227 2.5L:183,310 3.0L:171,985 4.0L:145,573
[13:39:13] 13:38:04 | 195 names | 10k:9,223 50k:47,547 1.0L:95,771 1.5L:135,305 2.0L:152,581 2.5L:178,050 3.0L:167,032 4.0L:141,615
[13:41:07] 13:39:58 | 196 names | 10k:9,249 50k:47,719 1.0L:96,132 1.5L:135,846 2.0L:151,167 2.5L:176,949 3.0L:164,308 4.0L:138,891
[13:43:02] 13:41:52 | 196 names | 10k:9,210 50k:47,523 1.0L:95,729 1.5L:135,627 2.0L:149,570 2.5L:175,809 3.0L:163,028 4.0L:137,611
[13:45:03] 13:43:47 | 196 names | 10k:9,297 50k:47,989 1.0L:96,679 1.5L:136,863 2.0L:152,916 2.5L:181,325 3.0L:169,570 4.0L:145,701
[13:47:14] 13:45:48 | 196 names | 10k:9,408 50k:48,575 1.0L:97,900 1.5L:137,926 2.0L:153,833 2.5L:182,242 3.0L:170,487 4.0L:146,618
[13:49:11] 13:47:59 | 196 names | 10k:9,929 50k:51,138 1.0L:102,927 1.5L:142,750 2.0L:159,355 2.5L:187,764 3.0L:175,115 4.0L:150,863
[13:51:07] 13:49:56 | 197 names | 10k:9,963 50k:51,240 1.0L:102,962 1.5L:142,738 2.0L:159,041 2.5L:187,450 3.0L:174,801 4.0L:150,549
[13:53:04] 13:51:52 | 197 names | 10k:10,069 50k:51,831 1.0L:104,342 1.5L:147,812 2.0L:163,696 2.5L:191,659 3.0L:177,401 4.0L:151,063
[13:54:58] 13:53:49 | 197 names | 10k:10,230 50k:52,640 1.0L:105,968 1.5L:148,434 2.0L:164,319 2.5L:192,281 3.0L:178,023 4.0L:151,532
[13:57:10] 13:55:43 | 197 names | 10k:10,361 50k:53,335 1.0L:107,358 1.5L:149,089 2.0L:166,008 2.5L:194,243 3.0L:179,985 4.0L:152,922
[13:59:09] 13:57:55 | 200 names | 10k:10,319 50k:53,164 1.0L:107,063 1.5L:149,174 2.0L:165,996 2.5L:196,977 3.0L:181,450 4.0L:155,831
[14:01:09] 13:59:54 | 200 names | 10k:10,304 50k:53,089 1.0L:106,913 1.5L:149,025 2.0L:165,847 2.5L:196,721 3.0L:181,193 4.0L:155,481
[14:03:10] 14:01:54 | 201 names | 10k:10,048 50k:51,730 1.0L:104,170 1.5L:146,022 2.0L:162,347 2.5L:192,764 3.0L:177,236 4.0L:151,524
[14:05:16] 14:03:55 | 202 names | 10k:10,067 50k:51,841 1.0L:104,344 1.5L:146,363 2.0L:162,314 2.5L:194,720 3.0L:178,913 4.0L:154,149
[14:07:31] 14:06:01 | 203 names | 10k:10,127 50k:52,164 1.0L:104,992 1.5L:148,082 2.0L:164,014 2.5L:194,111 3.0L:179,547 4.0L:152,914
[14:09:34] 14:08:16 | 203 names | 10k:10,339 50k:53,372 1.0L:107,449 1.5L:150,519 2.0L:166,915 2.5L:197,012 3.0L:181,862 4.0L:155,024
[14:11:38] 14:10:19 | 203 names | 10k:10,340 50k:53,389 1.0L:107,536 1.5L:151,083 2.0L:167,402 2.5L:197,499 3.0L:182,523 4.0L:156,004
[14:13:43] 14:12:23 | 203 names | 10k:10,329 50k:53,336 1.0L:107,400 1.5L:150,948 2.0L:167,266 2.5L:197,363 3.0L:182,387 4.0L:155,868
[14:15:49] 14:14:28 | 203 names | 10k:10,329 50k:53,336 1.0L:107,400 1.5L:150,948 2.0L:167,266 2.5L:197,363 3.0L:182,387 4.0L:155,868
[14:18:00] 14:16:34 | 203 names | 10k:10,329 50k:53,336 1.0L:107,400 1.5L:150,948 2.0L:167,266 2.5L:197,363 3.0L:182,387 4.0L:155,868
[14:20:06] 14:18:45 | 203 names | 10k:10,329 50k:53,336 1.0L:107,400 1.5L:150,948 2.0L:167,266 2.5L:197,363 3.0L:182,387 4.0L:155,868
[14:22:11] 14:20:51 | 203 names | 10k:10,329 50k:53,336 1.0L:107,400 1.5L:150,948 2.0L:167,266 2.5L:197,363 3.0L:182,387 4.0L:155,868
[14:24:16] 14:22:56 | 205 names | 10k:10,329 50k:53,336 1.0L:107,400 1.5L:150,948 2.0L:167,266 2.5L:197,363 3.0L:182,387 4.0L:155,868
[14:26:41] 14:25:01 | 205 names | 10k:10,329 50k:53,336 1.0L:107,400 1.5L:150,948 2.0L:167,266 2.5L:197,363 3.0L:182,387 4.0L:155,868
[14:28:49] 14:27:26 | 206 names | 10k:10,329 50k:53,336 1.0L:107,400 1.5L:150,948 2.0L:167,266 2.5L:197,363 3.0L:182,387 4.0L:155,868
[14:30:55] 14:29:34 | 206 names | 10k:10,329 50k:53,336 1.0L:107,400 1.5L:150,948 2.0L:167,266 2.5L:197,363 3.0L:183,255 4.0L:159,500
[14:33:05] 14:31:40 | 206 names | 10k:10,329 50k:53,336 1.0L:107,400 1.5L:150,948 2.0L:167,266 2.5L:197,363 3.0L:183,255 4.0L:159,500
[14:35:14] 14:33:50 | 206 names | 10k:10,329 50k:53,336 1.0L:107,400 1.5L:150,948 2.0L:167,266 2.5L:197,363 3.0L:183,255 4.0L:159,500
[14:37:40] 14:35:59 | 206 names | 10k:10,329 50k:53,336 1.0L:107,400 1.5L:150,948 2.0L:167,266 2.5L:197,363 3.0L:183,255 4.0L:155,747
[14:39:47] 14:38:25 | 207 names | 10k:10,329 50k:53,336 1.0L:107,400 1.5L:150,948 2.0L:167,266 2.5L:197,363 3.0L:183,255 4.0L:159,500
[14:41:58] 14:40:32 | 207 names | 10k:10,329 50k:53,336 1.0L:107,400 1.5L:150,948 2.0L:167,266 2.5L:197,363 3.0L:183,255 4.0L:159,500
[14:44:08] 14:42:43 | 207 names | 10k:10,329 50k:53,336 1.0L:107,400 1.5L:150,948 2.0L:167,266 2.5L:197,363 3.0L:183,255 4.0L:159,500
[14:46:27] 14:44:53 | 207 names | 10k:10,329 50k:53,336 1.0L:107,400 1.5L:150,948 2.0L:167,266 2.5L:197,363 3.0L:183,255 4.0L:159,500
[14:48:43] 14:47:12 | 208 names | 10k:10,329 50k:53,336 1.0L:107,400 1.5L:150,948 2.0L:167,266 2.5L:197,363 3.0L:183,255 4.0L:159,500
[14:51:15] 14:49:28 | 208 names | 10k:10,329 50k:53,336 1.0L:107,400 1.5L:150,948 2.0L:167,266 2.5L:197,363 3.0L:183,255 4.0L:159,500
[14:53:42] 14:52:00 | 208 names | 10k:10,329 50k:53,336 1.0L:107,400 1.5L:150,948 2.0L:167,266 2.5L:197,363 3.0L:183,255 4.0L:159,500
[14:56:22] 14:54:27 | 210 names | 10k:10,329 50k:53,336 1.0L:107,400 1.5L:150,948 2.0L:167,266 2.5L:197,363 3.0L:183,255 4.0L:159,500
[14:58:46] 14:57:07 | 211 names | 10k:10,329 50k:53,336 1.0L:107,400 1.5L:150,948 2.0L:167,266 2.5L:197,363 3.0L:183,255 4.0L:159,500
[15:01:06] 14:59:31 | 211 names | 10k:10,329 50k:53,336 1.0L:107,400 1.5L:150,948 2.0L:167,266 2.5L:197,363 3.0L:183,255 4.0L:159,500
[15:03:25] 15:01:51 | 213 names | 10k:10,329 50k:53,336 1.0L:107,400 1.5L:150,948 2.0L:167,266 2.5L:197,363 3.0L:183,255 4.0L:159,500
[15:05:49] 15:04:10 | 213 names | 10k:10,329 50k:53,336 1.0L:107,400 1.5L:150,948 2.0L:167,266 2.5L:197,363 3.0L:183,255 4.0L:159,500
[15:08:19] 15:06:34 | 214 names | 10k:10,329 50k:53,336 1.0L:107,400 1.5L:150,948 2.0L:167,266 2.5L:197,363 3.0L:183,255 4.0L:159,500
[15:10:39] 15:09:04 | 214 names | 10k:10,329 50k:53,336 1.0L:107,400 1.5L:150,948 2.0L:167,266 2.5L:197,363 3.0L:183,255 4.0L:159,500
[15:13:03] 15:11:24 | 216 names | 10k:10,329 50k:53,336 1.0L:107,400 1.5L:150,948 2.0L:167,266 2.5L:197,363 3.0L:183,255 4.0L:159,500
[15:15:27] 15:13:48 | 218 names | 10k:10,329 50k:53,336 1.0L:107,400 1.5L:150,948 2.0L:167,266 2.5L:197,363 3.0L:183,255 4.0L:159,500
[15:18:08] 15:16:12 | 219 names | 10k:10,329 50k:53,336 1.0L:107,400 1.5L:150,948 2.0L:167,266 2.5L:197,363 3.0L:183,255 4.0L:159,500
[15:20:26] 15:18:53 | 221 names | 10k:10,603 50k:54,674 1.0L:109,952 1.5L:152,860 2.0L:169,568 2.5L:197,736 3.0L:186,124 4.0L:159,465
[15:22:57] 15:21:11 | 221 names | 10k:10,329 50k:53,336 1.0L:107,400 1.5L:150,948 2.0L:167,266 2.5L:197,363 3.0L:183,255 4.0L:159,500
[15:25:21] 15:23:42 | 222 names | 10k:10,329 50k:53,336 1.0L:107,400 1.5L:150,948 2.0L:167,266 2.5L:197,363 3.0L:183,255 4.0L:159,500
[15:27:57] 15:26:06 | 223 names | 10k:10,329 50k:53,336 1.0L:107,400 1.5L:150,948 2.0L:167,266 2.5L:197,363 3.0L:183,255 4.0L:159,500
[15:30:27] 15:28:42 | 225 names | 10k:10,329 50k:53,336 1.0L:107,400 1.5L:150,948 2.0L:167,266 2.5L:197,363 3.0L:183,255 4.0L:159,500
[15:32:47] 15:31:12 | 225 names | 10k:10,329 50k:53,336 1.0L:107,400 1.5L:150,948 2.0L:167,266 2.5L:197,363 3.0L:183,255 4.0L:159,500
[15:35:03] 15:33:32 | 225 names | 10k:10,329 50k:53,336 1.0L:107,400 1.5L:150,948 2.0L:167,266 2.5L:197,363 3.0L:183,255 4.0L:159,500
[15:35:48] session over
