[09:05:30] paper_tiers starting -- READ-ONLY, no Dhan calls. tiers: 10,000, 50,000, 100,000, 150,000, 200,000, 250,000, 300,000, 400,000
[09:05:37] 09:05:30 | waiting for the 09:15 open
[09:06:24] 09:06:22 | waiting for the 09:15 open
[09:07:11] 09:07:09 | waiting for the 09:15 open
[09:07:59] 09:07:56 | waiting for the 09:15 open
[09:08:46] 09:08:44 | waiting for the 09:15 open
[09:09:33] 09:09:31 | waiting for the 09:15 open
[09:10:20] 09:10:18 | waiting for the 09:15 open
[09:11:07] 09:11:05 | waiting for the 09:15 open
[09:11:55] 09:11:52 | waiting for the 09:15 open
[09:12:42] 09:12:40 | waiting for the 09:15 open
[09:13:29] 09:13:27 | waiting for the 09:15 open
[09:14:17] 09:14:14 | waiting for the 09:15 open
[09:15:05] 09:15:02 | no tradeable names with bars yet
[09:15:53] 09:15:50 | no tradeable names with bars yet
[09:16:41] 09:16:38 | no tradeable names with bars yet
[09:17:29] 09:17:26 | no tradeable names with bars yet
[09:18:17] 09:18:14 | no tradeable names with bars yet
[09:19:06] 09:19:02 | 12 names | 10k:0 50k:0 1.0L:0 1.5L:0 2.0L:0 2.5L:0 3.0L:0 4.0L:0
[09:19:55] 09:19:51 | 17 names | 10k:0 50k:0 1.0L:0 1.5L:0 2.0L:0 2.5L:0 3.0L:0 4.0L:0
[09:20:45] 09:20:40 | 17 names | 10k:0 50k:0 1.0L:0 1.5L:0 2.0L:0 2.5L:0 3.0L:0 4.0L:0
[09:21:37] 09:21:30 | 23 names | 10k:-6 50k:-32 1.0L:-65 1.5L:-65 2.0L:-65 2.5L:-65 3.0L:-65 4.0L:-65
[09:22:30] 09:22:22 | 27 names | 10k:11 50k:56 1.0L:114 1.5L:114 2.0L:114 2.5L:114 3.0L:114 4.0L:114
[09:23:22] 09:23:15 | 27 names | 10k:131 50k:730 1.0L:1,520 1.5L:1,520 2.0L:1,520 2.5L:1,520 3.0L:1,520 4.0L:1,520
[09:24:13] 09:24:07 | 29 names | 10k:96 50k:548 1.0L:1,155 1.5L:1,155 2.0L:1,155 2.5L:1,155 3.0L:1,155 4.0L:1,155
[09:25:04] 09:24:58 | 29 names | 10k:82 50k:471 1.0L:999 1.5L:999 2.0L:999 2.5L:999 3.0L:999 4.0L:999
[09:25:54] 09:25:49 | 29 names | 10k:98 50k:553 1.0L:1,165 1.5L:1,165 2.0L:1,165 2.5L:1,165 3.0L:1,165 4.0L:1,165
[09:26:46] 09:26:39 | 29 names | 10k:98 50k:553 1.0L:1,165 1.5L:1,165 2.0L:1,165 2.5L:1,165 3.0L:1,165 4.0L:1,165
[09:27:37] 09:27:31 | 29 names | 10k:98 50k:553 1.0L:1,165 1.5L:1,165 2.0L:1,165 2.5L:1,165 3.0L:1,165 4.0L:1,165
[09:28:30] 09:28:22 | 29 names | 10k:98 50k:553 1.0L:1,165 1.5L:1,165 2.0L:1,165 2.5L:1,165 3.0L:1,165 4.0L:1,165
[09:29:22] 09:29:15 | 29 names | 10k:98 50k:553 1.0L:1,165 1.5L:1,165 2.0L:1,165 2.5L:1,165 3.0L:1,165 4.0L:1,165
[09:30:14] 09:30:07 | 29 names | 10k:109 50k:609 1.0L:1,301 1.5L:1,301 2.0L:1,301 2.5L:1,301 3.0L:1,301 4.0L:1,301
[09:31:07] 09:30:59 | 29 names | 10k:186 50k:1,005 1.0L:2,104 1.5L:2,104 2.0L:2,104 2.5L:2,104 3.0L:2,104 4.0L:2,104
[09:31:58] 09:31:52 | 31 names | 10k:216 50k:1,160 1.0L:2,417 1.5L:2,417 2.0L:2,417 2.5L:2,417 3.0L:2,417 4.0L:2,417
[09:32:50] 09:32:43 | 31 names | 10k:173 50k:940 1.0L:1,972 1.5L:1,972 2.0L:1,972 2.5L:1,972 3.0L:1,972 4.0L:1,972
[09:33:42] 09:33:35 | 35 names | 10k:159 50k:916 1.0L:1,974 1.5L:1,974 2.0L:1,974 2.5L:1,974 3.0L:1,974 4.0L:1,974
[09:34:34] 09:34:27 | 36 names | 10k:134 50k:787 1.0L:1,713 1.5L:1,713 2.0L:1,713 2.5L:1,713 3.0L:1,713 4.0L:1,713
[09:35:37] 09:35:19 | 36 names | 10k:360 50k:1,933 1.0L:3,917 1.5L:2,616 2.0L:1,854 2.5L:3,893 3.0L:5,610 4.0L:2,882
[09:36:43] 09:36:22 | 41 names | 10k:427 50k:2,266 1.0L:4,570 1.5L:3,241 2.0L:1,359 2.5L:721 3.0L:3,574 4.0L:4,724
[09:37:36] 09:37:28 | 42 names | 10k:659 50k:3,532 1.0L:7,181 1.5L:5,844 2.0L:4,639 2.5L:3,324 3.0L:3,909 4.0L:5,059
[09:38:30] 09:38:21 | 45 names | 10k:645 50k:3,496 1.0L:7,167 1.5L:5,912 2.0L:4,139 2.5L:2,824 3.0L:3,451 4.0L:4,601
[09:39:22] 09:39:15 | 45 names | 10k:653 50k:3,510 1.0L:7,151 1.5L:5,642 2.0L:3,924 2.5L:2,609 3.0L:3,236 4.0L:4,386
[09:40:17] 09:40:07 | 46 names | 10k:681 50k:3,664 1.0L:7,460 1.5L:5,079 2.0L:3,595 2.5L:2,214 3.0L:2,841 4.0L:3,992
[09:41:16] 09:41:02 | 48 names | 10k:584 50k:3,145 1.0L:6,415 1.5L:5,072 2.0L:3,660 2.5L:2,153 3.0L:1,883 4.0L:3,034
[09:42:22] 09:42:01 | 50 names | 10k:627 50k:3,406 1.0L:6,973 1.5L:5,239 2.0L:3,814 2.5L:1,910 3.0L:2,502 4.0L:2,625
[09:43:32] 09:43:07 | 50 names | 10k:656 50k:3,567 1.0L:7,281 1.5L:6,384 2.0L:4,315 2.5L:2,932 3.0L:3,487 4.0L:4,097
[09:44:33] 09:44:17 | 51 names | 10k:792 50k:4,241 1.0L:8,638 1.5L:7,054 2.0L:2,302 2.5L:803 3.0L:2,213 4.0L:2,469
[09:45:33] 09:45:18 | 51 names | 10k:885 50k:4,750 1.0L:9,702 1.5L:6,721 2.0L:1,475 2.5L:-23 3.0L:1,314 4.0L:992
[09:46:18] source changed on disk -- exiting so the new code can take over (the board's watchdog restarts this worker)
[09:49:03] paper_tiers starting -- READ-ONLY, no Dhan calls. tiers: 10,000, 50,000, 100,000, 150,000, 200,000, 250,000, 300,000, 400,000
[09:49:28] 09:49:03 | 51 names | 10k:424 50k:2,337 1.0L:4,882 1.5L:2,732 2.0L:-1,903 2.5L:-5,986 3.0L:-3,015 4.0L:-4,690
[09:50:13] source changed on disk -- exiting so the new code can take over (the board's watchdog restarts this worker)
[09:52:48] paper_tiers starting -- READ-ONLY, no Dhan calls. tiers: 10,000, 50,000, 100,000, 150,000, 200,000, 250,000, 300,000, 400,000
[09:52:58] 09:52:48 | 51 names | 10k:1,372 50k:7,294 1.0L:14,788 1.5L:14,750 2.0L:9,468 2.5L:4,882 3.0L:6,924 4.0L:8,584
[09:53:51] 09:53:43 | 51 names | 10k:1,433 50k:7,619 1.0L:15,454 1.5L:14,505 2.0L:8,785 2.5L:4,199 3.0L:6,187 4.0L:8,226
[09:54:47] 09:54:36 | 53 names | 10k:1,464 50k:7,776 1.0L:15,746 1.5L:14,575 2.0L:9,463 2.5L:4,876 3.0L:7,082 4.0L:9,900
[09:55:43] 09:55:32 | 53 names | 10k:1,434 50k:7,647 1.0L:15,518 1.5L:14,728 2.0L:9,738 2.5L:5,151 3.0L:7,358 4.0L:8,691
[09:56:41] 09:56:28 | 53 names | 10k:1,028 50k:5,547 1.0L:11,378 1.5L:10,351 2.0L:3,930 2.5L:1,746 3.0L:2,943 4.0L:1,653
[09:57:34] 09:57:26 | 53 names | 10k:1,087 50k:5,852 1.0L:12,003 1.5L:7,677 2.0L:-389 2.5L:-939 3.0L:11 4.0L:-6,659
[09:58:31] 09:58:19 | 54 names | 10k:1,264 50k:6,754 1.0L:13,814 1.5L:13,074 2.0L:6,370 2.5L:6,751 3.0L:4,555 4.0L:1,044
[09:59:25] 09:59:16 | 54 names | 10k:1,340 50k:7,155 1.0L:14,636 1.5L:13,919 2.0L:7,916 2.5L:8,103 3.0L:6,914 4.0L:3,403
[10:00:23] 10:00:10 | 54 names | 10k:1,454 50k:7,732 1.0L:15,787 1.5L:15,318 2.0L:8,366 2.5L:8,961 3.0L:8,243 4.0L:4,990
[10:01:18] 10:01:08 | 55 names | 10k:1,454 50k:7,732 1.0L:15,787 1.5L:15,318 2.0L:8,366 2.5L:8,961 3.0L:8,243 4.0L:4,990
[10:02:26] 10:02:03 | 55 names | 10k:1,194 50k:6,443 1.0L:13,243 1.5L:13,480 2.0L:5,540 2.5L:8,292 3.0L:10,348 4.0L:6,073
[10:03:41] 10:03:11 | 56 names | 10k:1,137 50k:6,148 1.0L:12,640 1.5L:13,324 2.0L:5,353 2.5L:8,860 3.0L:8,717 4.0L:5,918
[10:04:48] 10:04:26 | 57 names | 10k:1,141 50k:6,164 1.0L:12,655 1.5L:13,065 2.0L:5,837 2.5L:7,241 3.0L:7,275 4.0L:4,553
[10:05:55] 10:05:33 | 58 names | 10k:1,150 50k:6,203 1.0L:12,719 1.5L:13,129 2.0L:5,406 2.5L:9,968 3.0L:11,979 4.0L:5,173
[10:07:05] 10:06:40 | 59 names | 10k:950 50k:5,233 1.0L:10,839 1.5L:12,110 2.0L:6,280 2.5L:12,665 3.0L:13,563 4.0L:8,163
[10:08:05] 10:07:50 | 60 names | 10k:1,152 50k:6,270 1.0L:12,906 1.5L:14,220 2.0L:8,893 2.5L:14,805 3.0L:13,168 4.0L:8,438
[10:09:10] 10:08:50 | 64 names | 10k:1,143 50k:6,189 1.0L:12,707 1.5L:13,705 2.0L:9,634 2.5L:16,519 3.0L:14,001 4.0L:9,950
[10:10:28] 10:09:55 | 66 names | 10k:1,135 50k:6,144 1.0L:12,615 1.5L:13,423 2.0L:10,076 2.5L:18,259 3.0L:15,741 4.0L:10,348
[10:11:34] 10:11:13 | 67 names | 10k:1,110 50k:6,060 1.0L:12,496 1.5L:14,534 2.0L:8,821 2.5L:16,062 3.0L:13,845 4.0L:9,773
[10:12:38] 10:12:19 | 67 names | 10k:1,102 50k:6,105 1.0L:12,596 1.5L:12,598 2.0L:7,606 2.5L:14,241 3.0L:12,753 4.0L:10,404
[10:13:37] 10:13:23 | 67 names | 10k:1,154 50k:6,364 1.0L:13,094 1.5L:12,964 2.0L:8,412 2.5L:14,433 3.0L:12,423 4.0L:10,154
[10:14:51] 10:14:22 | 68 names | 10k:1,155 50k:6,420 1.0L:13,280 1.5L:12,729 2.0L:9,041 2.5L:19,294 3.0L:15,757 4.0L:15,874
[10:15:55] 10:15:36 | 68 names | 10k:1,191 50k:6,563 1.0L:13,525 1.5L:15,469 2.0L:12,065 2.5L:22,233 3.0L:18,331 4.0L:18,420
[10:17:11] 10:16:40 | 68 names | 10k:1,062 50k:5,964 1.0L:12,385 1.5L:13,247 2.0L:10,304 2.5L:21,102 3.0L:16,858 4.0L:15,465
[10:18:23] 10:17:56 | 68 names | 10k:899 50k:5,142 1.0L:10,724 1.5L:11,027 2.0L:8,103 2.5L:18,811 3.0L:14,617 4.0L:13,188
[10:19:38] 10:19:08 | 68 names | 10k:1,533 50k:8,334 1.0L:17,137 1.5L:18,946 2.0L:18,393 2.5L:18,152 3.0L:14,740 4.0L:11,814
[10:20:46] 10:20:23 | 68 names | 10k:1,630 50k:8,826 1.0L:18,126 1.5L:20,205 2.0L:18,102 2.5L:26,774 3.0L:19,173 4.0L:13,113
[10:21:55] 10:21:31 | 68 names | 10k:1,630 50k:8,826 1.0L:18,126 1.5L:20,312 2.0L:18,444 2.5L:19,323 3.0L:16,047 4.0L:12,638
[10:23:04] 10:22:40 | 68 names | 10k:1,465 50k:7,986 1.0L:16,432 1.5L:18,704 2.0L:17,022 2.5L:25,805 3.0L:18,767 4.0L:10,466
[10:24:09] 10:23:49 | 70 names | 10k:1,712 50k:9,238 1.0L:18,949 1.5L:21,222 2.0L:19,408 2.5L:27,579 3.0L:18,729 4.0L:15,825
[10:25:16] 10:24:54 | 71 names | 10k:1,654 50k:8,991 1.0L:18,497 1.5L:20,741 2.0L:19,441 2.5L:26,639 3.0L:17,789 4.0L:14,624
[10:26:24] 10:26:01 | 71 names | 10k:1,690 50k:9,154 1.0L:18,798 1.5L:20,666 2.0L:19,359 2.5L:24,574 3.0L:15,791 4.0L:12,625
[10:27:35] 10:27:09 | 73 names | 10k:821 50k:4,884 1.0L:10,373 1.5L:12,524 2.0L:12,759 2.5L:17,667 3.0L:14,392 4.0L:8,880
[10:28:47] 10:28:20 | 73 names | 10k:1,121 50k:6,333 1.0L:13,183 1.5L:15,189 2.0L:14,180 2.5L:18,881 3.0L:14,688 4.0L:6,996
[10:29:53] 10:29:32 | 74 names | 10k:1,086 50k:6,180 1.0L:12,923 1.5L:14,832 2.0L:12,236 2.5L:17,225 3.0L:12,477 4.0L:10,826
[10:31:04] 10:30:38 | 76 names | 10k:984 50k:5,714 1.0L:12,034 1.5L:14,130 2.0L:12,642 2.5L:17,472 3.0L:14,581 4.0L:12,138
[10:32:18] 10:31:49 | 76 names | 10k:1,023 50k:5,929 1.0L:12,506 1.5L:14,144 2.0L:12,044 2.5L:16,866 3.0L:15,007 4.0L:11,759
[10:33:32] 10:33:03 | 76 names | 10k:1,064 50k:6,147 1.0L:12,943 1.5L:13,688 2.0L:13,042 2.5L:18,418 3.0L:16,473 4.0L:13,524
[10:34:44] 10:34:17 | 76 names | 10k:1,110 50k:6,379 1.0L:13,403 1.5L:13,941 2.0L:12,080 2.5L:17,331 3.0L:15,452 4.0L:12,412
[10:35:59] 10:35:29 | 77 names | 10k:934 50k:5,551 1.0L:11,784 1.5L:13,199 2.0L:9,149 2.5L:13,892 3.0L:11,933 4.0L:9,423
[10:37:10] 10:36:44 | 77 names | 10k:816 50k:4,936 1.0L:10,523 1.5L:11,890 2.0L:9,233 2.5L:13,284 3.0L:11,361 4.0L:8,418
[10:38:18] 10:37:55 | 77 names | 10k:781 50k:4,770 1.0L:10,209 1.5L:11,806 2.0L:9,202 2.5L:13,254 3.0L:11,242 4.0L:8,727
[10:39:25] 10:39:03 | 78 names | 10k:728 50k:4,531 1.0L:9,772 1.5L:11,529 2.0L:11,506 2.5L:15,422 3.0L:11,319 4.0L:10,312
[10:40:33] 10:40:10 | 79 names | 10k:685 50k:4,351 1.0L:9,451 1.5L:11,245 2.0L:14,628 2.5L:18,214 3.0L:15,285 4.0L:15,317
[10:41:42] 10:41:18 | 79 names | 10k:602 50k:3,881 1.0L:8,445 1.5L:9,857 2.0L:11,627 2.5L:16,064 3.0L:11,481 4.0L:11,463
[10:42:57] 10:42:27 | 81 names | 10k:668 50k:4,227 1.0L:9,163 1.5L:10,549 2.0L:11,182 2.5L:16,228 3.0L:11,477 4.0L:7,168
[10:44:10] 10:43:42 | 82 names | 10k:866 50k:5,228 1.0L:11,172 1.5L:12,290 2.0L:8,914 2.5L:11,119 3.0L:6,421 4.0L:5,190
[10:45:18] 10:44:55 | 84 names | 10k:814 50k:5,006 1.0L:10,774 1.5L:11,466 2.0L:8,090 2.5L:10,243 3.0L:5,477 4.0L:4,235
[10:46:31] 10:46:03 | 85 names | 10k:1,005 50k:5,958 1.0L:12,679 1.5L:13,797 2.0L:14,529 2.5L:13,670 3.0L:18,539 4.0L:9,536
[10:47:42] 10:47:16 | 84 names | 10k:961 50k:5,737 1.0L:12,235 1.5L:13,863 2.0L:14,933 2.5L:11,488 3.0L:16,550 4.0L:7,417
[10:48:51] 10:48:27 | 86 names | 10k:911 50k:5,547 1.0L:11,949 1.5L:13,577 2.0L:14,647 2.5L:12,122 3.0L:17,185 4.0L:9,687
[10:50:01] 10:49:36 | 86 names | 10k:1,117 50k:6,549 1.0L:13,878 1.5L:15,570 2.0L:16,840 2.5L:14,276 3.0L:19,048 4.0L:9,857
[10:51:16] 10:50:46 | 86 names | 10k:966 50k:5,829 1.0L:12,494 1.5L:14,246 2.0L:15,474 2.5L:14,119 3.0L:18,820 4.0L:9,414
[10:52:35] 10:52:01 | 86 names | 10k:1,035 50k:6,138 1.0L:13,066 1.5L:14,417 2.0L:12,716 2.5L:12,802 3.0L:11,252 4.0L:4,789
[10:53:50] 10:53:20 | 86 names | 10k:1,102 50k:6,480 1.0L:13,755 1.5L:13,482 2.0L:12,199 2.5L:12,590 3.0L:10,817 4.0L:3,956
[10:55:05] 10:54:35 | 86 names | 10k:1,059 50k:6,228 1.0L:13,211 1.5L:10,069 2.0L:10,436 2.5L:10,966 3.0L:6,317 4.0L:-1,230
[10:56:20] 10:55:50 | 86 names | 10k:1,029 50k:6,105 1.0L:13,006 1.5L:13,061 2.0L:10,734 2.5L:11,243 3.0L:9,333 4.0L:828
[10:57:31] 10:57:05 | 86 names | 10k:1,100 50k:6,453 1.0L:13,691 1.5L:13,148 2.0L:12,257 2.5L:12,925 3.0L:10,220 4.0L:1,775
[10:58:46] 10:58:16 | 87 names | 10k:1,154 50k:6,772 1.0L:14,376 1.5L:14,107 2.0L:13,585 2.5L:14,607 3.0L:11,415 4.0L:2,710
[10:59:59] 10:59:31 | 87 names | 10k:1,202 50k:6,983 1.0L:14,751 1.5L:15,156 2.0L:13,621 2.5L:12,689 3.0L:10,528 4.0L:182
[11:01:15] 11:00:44 | 87 names | 10k:1,178 50k:6,855 1.0L:14,448 1.5L:14,947 2.0L:11,365 2.5L:12,157 3.0L:9,902 4.0L:838
[11:02:33] 11:02:00 | 89 names | 10k:1,139 50k:6,657 1.0L:14,090 1.5L:15,304 2.0L:11,139 2.5L:11,833 3.0L:10,195 4.0L:1,131
[11:03:46] 11:03:18 | 89 names | 10k:1,068 50k:6,281 1.0L:13,315 1.5L:14,380 2.0L:10,365 2.5L:11,140 3.0L:9,512 4.0L:448
[11:05:01] 11:04:31 | 89 names | 10k:1,096 50k:6,464 1.0L:13,734 1.5L:14,699 2.0L:10,372 2.5L:11,147 3.0L:9,518 4.0L:454
[11:06:15] 11:05:46 | 89 names | 10k:1,083 50k:6,382 1.0L:13,539 1.5L:14,697 2.0L:10,583 2.5L:11,358 3.0L:9,730 4.0L:666
[11:07:33] 11:07:00 | 89 names | 10k:1,109 50k:6,552 1.0L:13,922 1.5L:15,619 2.0L:11,412 2.5L:11,660 3.0L:10,032 4.0L:968
[11:09:01] 11:08:18 | 91 names | 10k:1,072 50k:6,363 1.0L:13,531 1.5L:15,330 2.0L:11,972 2.5L:12,568 3.0L:12,148 4.0L:3,084
[11:10:26] 11:09:46 | 93 names | 10k:1,001 50k:5,965 1.0L:12,657 1.5L:14,156 2.0L:12,646 2.5L:13,434 3.0L:12,617 4.0L:3,531
[11:11:53] 11:11:11 | 95 names | 10k:1,105 50k:6,501 1.0L:13,784 1.5L:16,252 2.0L:11,470 2.5L:16,480 3.0L:14,042 4.0L:6,592
[11:13:21] 11:12:38 | 96 names | 10k:1,069 50k:6,316 1.0L:13,413 1.5L:16,495 2.0L:11,501 2.5L:13,983 3.0L:11,819 4.0L:4,590
[11:14:51] 11:14:06 | 96 names | 10k:1,024 50k:6,144 1.0L:13,113 1.5L:14,996 2.0L:9,996 2.5L:11,539 3.0L:9,381 4.0L:2,152
[11:16:29] 11:15:36 | 97 names | 10k:1,399 50k:8,043 1.0L:16,932 1.5L:18,827 2.0L:13,122 2.5L:15,568 3.0L:13,066 4.0L:5,203
[11:17:55] 11:17:14 | 97 names | 10k:1,151 50k:6,792 1.0L:14,407 1.5L:17,483 2.0L:12,192 2.5L:14,225 3.0L:17,273 4.0L:8,985
[11:19:28] 11:18:40 | 98 names | 10k:1,205 50k:7,052 1.0L:14,908 1.5L:17,773 2.0L:12,683 2.5L:14,519 3.0L:17,979 4.0L:13,222
[11:20:55] 11:20:13 | 98 names | 10k:1,290 50k:7,503 1.0L:15,824 1.5L:18,906 2.0L:14,156 2.5L:19,015 3.0L:21,242 4.0L:14,412
[11:22:29] 11:21:40 | 98 names | 10k:1,180 50k:6,952 1.0L:14,726 1.5L:17,809 2.0L:12,706 2.5L:16,418 3.0L:18,175 4.0L:11,331
[11:24:03] 11:23:14 | 98 names | 10k:1,163 50k:6,803 1.0L:14,351 1.5L:16,795 2.0L:11,607 2.5L:14,936 3.0L:16,855 4.0L:10,066
[11:25:39] 11:24:48 | 99 names | 10k:1,146 50k:6,762 1.0L:14,366 1.5L:17,087 2.0L:11,784 2.5L:15,113 3.0L:17,018 4.0L:8,867
[11:27:08] 11:26:24 | 99 names | 10k:1,163 50k:6,893 1.0L:14,675 1.5L:17,395 2.0L:12,230 2.5L:15,599 3.0L:17,504 4.0L:9,094
[11:28:36] 11:27:53 | 99 names | 10k:1,149 50k:6,873 1.0L:14,661 1.5L:17,381 2.0L:12,216 2.5L:15,584 3.0L:17,489 4.0L:8,782
[11:30:09] 11:29:21 | 99 names | 10k:1,194 50k:7,064 1.0L:15,060 1.5L:18,634 2.0L:13,446 2.5L:16,814 3.0L:18,719 4.0L:8,984
[11:31:35] 11:30:54 | 98 names | 10k:1,214 50k:7,167 1.0L:15,262 1.5L:19,813 2.0L:14,687 2.5L:18,055 3.0L:19,960 4.0L:9,967
[11:33:13] 11:32:20 | 99 names | 10k:1,279 50k:7,459 1.0L:15,791 1.5L:21,976 2.0L:15,988 2.5L:20,756 3.0L:22,110 4.0L:13,057
[11:34:46] 11:33:58 | 99 names | 10k:1,308 50k:7,587 1.0L:16,001 1.5L:19,448 2.0L:18,362 2.5L:22,259 3.0L:23,588 4.0L:11,439
[11:36:11] 11:35:31 | 99 names | 10k:1,532 50k:8,752 1.0L:18,391 1.5L:20,109 2.0L:19,702 2.5L:22,547 3.0L:25,059 4.0L:13,161
[11:37:42] 11:36:56 | 99 names | 10k:1,636 50k:9,333 1.0L:19,555 1.5L:21,273 2.0L:21,448 2.5L:24,024 3.0L:26,536 4.0L:14,638
[11:39:16] 11:38:27 | 100 names | 10k:1,669 50k:9,518 1.0L:19,926 1.5L:21,644 2.0L:21,842 2.5L:24,419 3.0L:26,931 4.0L:15,032
[11:40:59] 11:40:01 | 101 names | 10k:1,564 50k:9,090 1.0L:19,113 1.5L:19,986 2.0L:20,138 2.5L:24,906 3.0L:28,229 4.0L:16,331
[11:42:58] 11:41:44 | 102 names | 10k:1,256 50k:7,595 1.0L:16,124 1.5L:13,312 2.0L:10,361 2.5L:15,365 3.0L:22,737 4.0L:10,301
[11:44:39] 11:43:43 | 101 names | 10k:1,263 50k:7,565 1.0L:16,037 1.5L:13,683 2.0L:13,620 2.5L:18,593 3.0L:20,307 4.0L:6,417
[11:46:08] 11:45:24 | 103 names | 10k:1,265 50k:7,606 1.0L:16,116 1.5L:13,318 2.0L:13,844 2.5L:18,593 3.0L:20,156 4.0L:6,027
[11:47:48] 11:46:53 | 103 names | 10k:1,053 50k:6,570 1.0L:14,121 1.5L:11,958 2.0L:12,353 2.5L:16,322 3.0L:18,271 4.0L:4,675
[11:49:29] 11:48:33 | 105 names | 10k:1,381 50k:8,276 1.0L:17,531 1.5L:13,429 2.0L:13,444 2.5L:18,422 3.0L:20,828 4.0L:10,474
[11:51:06] 11:50:14 | 106 names | 10k:1,323 50k:7,952 1.0L:16,805 1.5L:12,445 2.0L:13,281 2.5L:17,860 3.0L:21,143 4.0L:11,161
[11:52:48] 11:51:51 | 106 names | 10k:1,418 50k:8,498 1.0L:17,964 1.5L:13,603 2.0L:13,740 2.5L:19,425 3.0L:23,028 4.0L:12,736
[11:54:33] 11:53:33 | 106 names | 10k:1,605 50k:9,425 1.0L:19,811 1.5L:15,873 2.0L:16,254 2.5L:20,967 3.0L:24,598 4.0L:14,093
[11:56:13] 11:55:18 | 106 names | 10k:1,666 50k:9,773 1.0L:20,574 1.5L:15,838 2.0L:17,180 2.5L:21,758 3.0L:25,388 4.0L:14,884
[11:57:57] 11:56:58 | 107 names | 10k:1,619 50k:9,502 1.0L:19,994 1.5L:15,365 2.0L:16,489 2.5L:23,697 3.0L:29,019 4.0L:17,965
[11:59:38] 11:58:42 | 107 names | 10k:1,703 50k:9,919 1.0L:20,822 1.5L:15,695 2.0L:16,109 2.5L:23,316 3.0L:27,849 4.0L:16,717
[12:01:15] 12:00:23 | 107 names | 10k:1,716 50k:10,043 1.0L:21,083 1.5L:16,513 2.0L:17,501 2.5L:26,553 3.0L:30,337 4.0L:19,323
[12:03:00] 12:02:00 | 107 names | 10k:1,778 50k:10,321 1.0L:21,654 1.5L:16,061 2.0L:17,029 2.5L:25,121 3.0L:29,210 4.0L:18,595
[12:04:41] 12:03:45 | 108 names | 10k:1,506 50k:8,940 1.0L:18,858 1.5L:15,263 2.0L:16,637 2.5L:26,277 3.0L:26,837 4.0L:15,241
[12:06:31] 12:05:26 | 108 names | 10k:1,523 50k:8,885 1.0L:18,828 1.5L:11,098 2.0L:14,969 2.5L:25,367 3.0L:26,069 4.0L:14,484
[12:08:12] 12:07:16 | 109 names | 10k:1,970 50k:11,130 1.0L:23,300 1.5L:15,273 2.0L:14,885 2.5L:24,809 3.0L:25,511 4.0L:13,925
[12:09:54] 12:08:57 | 109 names | 10k:2,355 50k:13,052 1.0L:27,138 1.5L:19,111 2.0L:18,723 2.5L:28,398 3.0L:29,100 4.0L:17,514
[12:11:41] 12:10:39 | 109 names | 10k:2,356 50k:13,039 1.0L:27,060 1.5L:19,033 2.0L:18,645 2.5L:28,320 3.0L:29,022 4.0L:17,437
[12:13:28] 12:12:26 | 109 names | 10k:2,637 50k:14,468 1.0L:29,968 1.5L:20,193 2.0L:19,523 2.5L:28,953 3.0L:29,655 4.0L:18,070
[12:15:19] 12:14:13 | 109 names | 10k:1,973 50k:11,227 1.0L:23,557 1.5L:14,060 2.0L:13,876 2.5L:23,084 3.0L:23,786 4.0L:12,315
[12:16:57] 12:16:04 | 109 names | 10k:2,040 50k:11,566 1.0L:24,283 1.5L:14,524 2.0L:15,481 2.5L:24,638 3.0L:25,070 4.0L:13,599
[12:18:37] 12:17:42 | 109 names | 10k:2,044 50k:11,580 1.0L:24,361 1.5L:15,611 2.0L:15,970 2.5L:25,472 3.0L:25,810 4.0L:14,339
[12:20:19] 12:19:22 | 109 names | 10k:2,051 50k:11,610 1.0L:24,388 1.5L:16,063 2.0L:16,617 2.5L:25,946 3.0L:26,767 4.0L:14,640
[12:22:05] 12:21:04 | 109 names | 10k:2,087 50k:11,878 1.0L:24,975 1.5L:14,892 2.0L:17,527 2.5L:26,726 3.0L:27,169 4.0L:14,887
[12:23:58] 12:22:50 | 109 names | 10k:2,004 50k:11,505 1.0L:24,197 1.5L:13,522 2.0L:12,381 2.5L:17,059 3.0L:18,257 4.0L:5,269
[12:25:42] 12:24:43 | 109 names | 10k:1,925 50k:11,019 1.0L:23,249 1.5L:12,446 2.0L:13,129 2.5L:20,911 3.0L:20,970 4.0L:5,495
[12:27:29] 12:26:27 | 109 names | 10k:1,838 50k:10,679 1.0L:22,606 1.5L:11,907 2.0L:12,174 2.5L:19,956 3.0L:20,015 4.0L:4,504
[12:29:10] 12:28:14 | 109 names | 10k:1,655 50k:9,781 1.0L:20,854 1.5L:10,155 2.0L:10,419 2.5L:18,201 3.0L:18,260 4.0L:2,741
[12:31:09] 12:29:55 | 109 names | 10k:1,393 50k:8,469 1.0L:18,311 1.5L:7,500 2.0L:5,894 2.5L:14,119 3.0L:14,178 4.0L:-1,342
[12:33:05] 12:31:55 | 109 names | 10k:1,564 50k:9,281 1.0L:19,976 1.5L:6,634 2.0L:4,888 2.5L:12,891 3.0L:12,667 4.0L:-2,790
[12:35:05] 12:33:50 | 109 names | 10k:1,546 50k:9,148 1.0L:19,602 1.5L:5,970 2.0L:4,005 2.5L:11,795 3.0L:11,414 4.0L:-4,042
[12:37:23] 12:35:50 | 110 names | 10k:1,518 50k:9,051 1.0L:19,459 1.5L:5,827 2.0L:3,862 2.5L:11,653 3.0L:11,272 4.0L:-4,185
